error: error parsing lifetime parameter: missing lifetime. caller: `::trait_xml::trait_xml_parse_bounds`
  --> tests/fail/lifetime_noname.rs:1:1
   |
1  | / trait_xml::trait_xml! {
2  | |     <trait>
3  | |         <name>Foo</name>
4  | |         <bounds>
...  |
12 | |     </trait>
13 | | }
   | |_^
   |
   = note: this error originates in the macro `$crate::trait_xml_parse_lifetime` which comes from the expansion of the macro `trait_xml::trait_xml` (in Nightly builds, run with -Z macro-backtrace for more info)
