error: name already present - have `Foo`, found `Bar`
 --> tests/fail/multiple_names.rs:1:1
  |
1 | / trait_xml::trait_xml! {
2 | |     <trait>
3 | |         <name>Foo</name>
4 | |         <name>Bar</name>
5 | |     </trait>
6 | | }
  | |_^
  |
  = note: this error originates in the macro `$crate::trait_xml_inner` which comes from the expansion of the macro `trait_xml::trait_xml` (in Nightly builds, run with -Z macro-backtrace for more info)
