error: error parsing lifetime parameter: expected lifetime, found `<`. caller: `::trait_xml::trait_xml_parse_lifetime_clause`
  --> tests/fail/where_clause_lt_emptylb.rs:1:1
   |
1  | / trait_xml::trait_xml! {
2  | |     <trait>
3  | |         <name>LifetimeClauseTest</name>
4  | |         <bounds>
...  |
21 | |     </trait>
22 | | }
   | |_^
   |
   = note: this error originates in the macro `$crate::trait_xml_parse_lifetime_bound` which comes from the expansion of the macro `trait_xml::trait_xml` (in Nightly builds, run with -Z macro-backtrace for more info)
